// Jest Snapshot v1, https://goo.gl/fbAQLP

exports[`OrderList component matches snapshot 1`] = `
<DocumentFragment>
  <div
    align="center"
    class="main"
  >
    <h1
      class="MuiTypography-root MuiTypography-h1 css-sqoje6-MuiTypography-root"
      style="margin-bottom: 10px; color: black; font-size: 3.7rem; font-weight: 400;"
    >
      Test Header
    </h1>
    <button
      class="MuiButtonBase-root MuiButton-root MuiButton-contained MuiButton-containedPrimary MuiButton-sizeMedium MuiButton-containedSizeMedium MuiButton-root MuiButton-contained MuiButton-containedPrimary MuiButton-sizeMedium MuiButton-containedSizeMedium css-sghohy-MuiButtonBase-root-MuiButton-root"
      tabindex="0"
      type="button"
    >
      Download PDF
      <span
        class="MuiTouchRipple-root css-8je8zh-MuiTouchRipple-root"
      />
    </button>
    <button
      class="MuiButtonBase-root MuiButton-root MuiButton-contained MuiButton-containedPrimary MuiButton-sizeMedium MuiButton-containedSizeMedium MuiButton-root MuiButton-contained MuiButton-containedPrimary MuiButton-sizeMedium MuiButton-containedSizeMedium css-sghohy-MuiButtonBase-root-MuiButton-root"
      tabindex="0"
      type="button"
    >
      Download Excel
      <span
        class="MuiTouchRipple-root css-8je8zh-MuiTouchRipple-root"
      />
    </button>
    <div
      class="MuiGrid-root MuiGrid-container MuiGrid-spacing-xs-2 css-mhc70k-MuiGrid-root"
      style="flex-direction: column; justify-content: center;"
    >
      <p>
        You've made no orders yet
      </p>
    </div>
  </div>
</DocumentFragment>
`;
